2025-11-12 19:55:59.070 [INFO] Info message
2025-11-12 19:55:59.070 [WARNING] Warning message
2025-11-12 19:55:59.070 [ERROR] Error message
